<?xml version="1.0" encoding="utf-8"?><testsuites><testsuite name="pytest" errors="0" failures="0" skipped="0" tests="22" time="0.214" timestamp="2022-05-10T00:24:26.382315" hostname="Hendriks-MBP-M1"><testcase classname="tests.test_cache.TestCacheMethods" name="test_clear" time="0.003" /><testcase classname="tests.test_cache.TestCacheMethods" name="test_create" time="0.001" /><testcase classname="tests.test_cache.TestCacheMethods" name="test_get_fail" time="0.014" /><testcase classname="tests.test_cache.TestCacheMethods" name="test_hash" time="0.009" /><testcase classname="tests.test_cache.TestCacheMethods" name="test_hash_audit_fields" time="0.001" /><testcase classname="tests.test_cache.TestCacheMethods" name="test_set_and_get" time="0.001" /><testcase classname="tests.test_cache.TestCacheMethods" name="test_set_json" time="0.001" /><testcase classname="tests.test_cache.TestCacheMethods" name="test_set_not_exist" time="0.010" /><testcase classname="tests.test_cache.TestCacheMethods" name="test_set_str" time="0.004" /><testcase classname="tests.test_conversation.TestConversation" name="test_basic" time="0.001" /><testcase classname="tests.test_conversation.TestConversation" name="test_set_answer" time="0.002" /><testcase classname="tests.test_conversation.TestConversation" name="test_undo" time="0.001" /><testcase classname="tests.test_factories.TestFactories" name="test_create_all" time="0.003" /><testcase classname="tests.test_factories.TestFactories" name="test_create_bot_exception" time="0.000" /><testcase classname="tests.test_factories.TestFactories" name="test_create_brain_exception" time="0.000" /><testcase classname="tests.test_factories.TestFactories" name="test_create_default" time="0.000" /><testcase classname="tests.bots.test_bot.TestBot" name="test_create_generic" time="0.001" /><testcase classname="tests.bots.test_bot.TestBot" name="test_create_openai" time="0.002" /><testcase classname="tests.bots.test_davinci.TestDavinci" name="test_create" time="0.006" /><testcase classname="tests.brains.test_brain.TestOpenAi" name="test_answer" time="0.000" /><testcase classname="tests.brains.test_brain.TestOpenAi" name="test_create" time="0.003" /><testcase classname="tests.brains.test_openai.TestOpenAi" name="test_create" time="0.001" /></testsuite></testsuites>